// Vitest Snapshot v1, https://vitest.dev/guide/snapshot.html

exports[`ability inventory (frozen) > matches the pinned inventory snapshot 1`] = `
[
  {
    "ability_key": "aimed_shot",
    "ability_type": "damage",
    "activation_mode": "queued",
    "class_key": "ranger",
    "cp_cost": 10,
    "damage_type": "physical",
    "has_amount_calc": true,
    "has_duration_calc": false,
    "mechanic_key": "weapon_attack",
    "slot": 0,
  },
  {
    "ability_key": "arcane_surge",
    "ability_type": "buff",
    "activation_mode": "stance",
    "class_key": "wizard",
    "cp_cost": 25,
    "damage_type": null,
    "has_amount_calc": true,
    "has_duration_calc": false,
    "mechanic_key": "damage_buff",
    "slot": 2,
  },
  {
    "ability_key": "backstab",
    "ability_type": "damage",
    "activation_mode": "queued",
    "class_key": "assassin",
    "cp_cost": 10,
    "damage_type": "physical",
    "has_amount_calc": true,
    "has_duration_calc": false,
    "mechanic_key": "weapon_attack",
    "slot": 0,
  },
  {
    "ability_key": "barrage",
    "ability_type": "damage",
    "activation_mode": "queued",
    "class_key": "ranger",
    "cp_cost": 25,
    "damage_type": "physical",
    "has_amount_calc": true,
    "has_duration_calc": false,
    "mechanic_key": "multi_attack",
    "slot": 2,
  },
  {
    "ability_key": "battle_cry",
    "ability_type": "buff",
    "activation_mode": "stance",
    "class_key": "warrior",
    "cp_cost": 25,
    "damage_type": null,
    "has_amount_calc": true,
    "has_duration_calc": false,
    "mechanic_key": "battle_cry",
    "slot": 2,
  },
  {
    "ability_key": "cloak_of_shadows",
    "ability_type": "buff",
    "activation_mode": "instant",
    "class_key": "assassin",
    "cp_cost": 60,
    "damage_type": null,
    "has_amount_calc": true,
    "has_duration_calc": true,
    "mechanic_key": "evasion_buff",
    "slot": 4,
  },
  {
    "ability_key": "conflagrate",
    "ability_type": "damage",
    "activation_mode": "queued",
    "class_key": "wizard",
    "cp_cost": 60,
    "damage_type": "fire",
    "has_amount_calc": true,
    "has_duration_calc": false,
    "mechanic_key": "ignite_consume",
    "slot": 4,
  },
  {
    "ability_key": "consecrate",
    "ability_type": "heal",
    "activation_mode": "instant",
    "class_key": "templar",
    "cp_cost": 40,
    "damage_type": "holy",
    "has_amount_calc": true,
    "has_duration_calc": true,
    "mechanic_key": "consecrate",
    "slot": 3,
  },
  {
    "ability_key": "crescendo",
    "ability_type": "heal",
    "activation_mode": "instant",
    "class_key": "bard",
    "cp_cost": 40,
    "damage_type": null,
    "has_amount_calc": true,
    "has_duration_calc": true,
    "mechanic_key": "party_regen",
    "slot": 3,
  },
  {
    "ability_key": "cutting_words",
    "ability_type": "damage",
    "activation_mode": "queued",
    "class_key": "bard",
    "cp_cost": 10,
    "damage_type": "psychic",
    "has_amount_calc": true,
    "has_duration_calc": false,
    "mechanic_key": "cutting_words",
    "slot": 0,
  },
  {
    "ability_key": "disengage",
    "ability_type": "buff",
    "activation_mode": "instant",
    "class_key": "ranger",
    "cp_cost": 60,
    "damage_type": null,
    "has_amount_calc": true,
    "has_duration_calc": true,
    "mechanic_key": "disengage_buff",
    "slot": 4,
  },
  {
    "ability_key": "dissonance",
    "ability_type": "debuff",
    "activation_mode": "instant",
    "class_key": "bard",
    "cp_cost": 25,
    "damage_type": "psychic",
    "has_amount_calc": true,
    "has_duration_calc": true,
    "mechanic_key": "root_debuff",
    "slot": 2,
  },
  {
    "ability_key": "divine_aegis",
    "ability_type": "buff",
    "activation_mode": "instant",
    "class_key": "healer",
    "cp_cost": 60,
    "damage_type": null,
    "has_amount_calc": true,
    "has_duration_calc": true,
    "mechanic_key": "ally_absorb",
    "slot": 4,
  },
  {
    "ability_key": "divine_challenge",
    "ability_type": "buff",
    "activation_mode": "instant",
    "class_key": "templar",
    "cp_cost": 60,
    "damage_type": null,
    "has_amount_calc": true,
    "has_duration_calc": true,
    "mechanic_key": "mitigation_buff",
    "slot": 4,
  },
  {
    "ability_key": "eagle_eye",
    "ability_type": "buff",
    "activation_mode": "stance",
    "class_key": "ranger",
    "cp_cost": 15,
    "damage_type": null,
    "has_amount_calc": true,
    "has_duration_calc": true,
    "mechanic_key": "crit_buff",
    "slot": 1,
  },
  {
    "ability_key": "envenom",
    "ability_type": "buff",
    "activation_mode": "stance",
    "class_key": "assassin",
    "cp_cost": 50,
    "damage_type": "poison",
    "has_amount_calc": true,
    "has_duration_calc": false,
    "mechanic_key": "poison_buff",
    "slot": 2,
  },
  {
    "ability_key": "eviscerate",
    "ability_type": "damage",
    "activation_mode": "queued",
    "class_key": "assassin",
    "cp_cost": 40,
    "damage_type": "physical",
    "has_amount_calc": true,
    "has_duration_calc": false,
    "mechanic_key": "execute_attack",
    "slot": 3,
  },
  {
    "ability_key": "fireball",
    "ability_type": "damage",
    "activation_mode": "queued",
    "class_key": "wizard",
    "cp_cost": 10,
    "damage_type": "fire",
    "has_amount_calc": true,
    "has_duration_calc": false,
    "mechanic_key": "fireball",
    "slot": 0,
  },
  {
    "ability_key": "force_shield",
    "ability_type": "buff",
    "activation_mode": "stance",
    "class_key": "wizard",
    "cp_cost": 15,
    "damage_type": null,
    "has_amount_calc": true,
    "has_duration_calc": true,
    "mechanic_key": "absorb_buff",
    "slot": 1,
  },
  {
    "ability_key": "grand_finale",
    "ability_type": "damage",
    "activation_mode": "queued",
    "class_key": "bard",
    "cp_cost": 60,
    "damage_type": "psychic",
    "has_amount_calc": true,
    "has_duration_calc": false,
    "mechanic_key": "burst_damage",
    "slot": 4,
  },
  {
    "ability_key": "heal",
    "ability_type": "heal",
    "activation_mode": "instant",
    "class_key": "healer",
    "cp_cost": 15,
    "damage_type": null,
    "has_amount_calc": true,
    "has_duration_calc": false,
    "mechanic_key": "heal",
    "slot": 1,
  },
  {
    "ability_key": "holy_shield",
    "ability_type": "buff",
    "activation_mode": "stance",
    "class_key": "templar",
    "cp_cost": 15,
    "damage_type": "holy",
    "has_amount_calc": false,
    "has_duration_calc": true,
    "mechanic_key": "reactive_holy",
    "slot": 1,
  },
  {
    "ability_key": "ignite",
    "ability_type": "buff",
    "activation_mode": "stance",
    "class_key": "wizard",
    "cp_cost": 50,
    "damage_type": "fire",
    "has_amount_calc": true,
    "has_duration_calc": false,
    "mechanic_key": "ignite_buff",
    "slot": 3,
  },
  {
    "ability_key": "inspire",
    "ability_type": "buff",
    "activation_mode": "instant",
    "class_key": "bard",
    "cp_cost": 15,
    "damage_type": null,
    "has_amount_calc": true,
    "has_duration_calc": true,
    "mechanic_key": "regen_buff",
    "slot": 1,
  },
  {
    "ability_key": "judgment",
    "ability_type": "damage",
    "activation_mode": "queued",
    "class_key": "templar",
    "cp_cost": 10,
    "damage_type": "holy",
    "has_amount_calc": true,
    "has_duration_calc": false,
    "mechanic_key": "smite",
    "slot": 0,
  },
  {
    "ability_key": "natures_snare",
    "ability_type": "debuff",
    "activation_mode": "instant",
    "class_key": "ranger",
    "cp_cost": 40,
    "damage_type": "nature",
    "has_amount_calc": true,
    "has_duration_calc": true,
    "mechanic_key": "root_debuff",
    "slot": 3,
  },
  {
    "ability_key": "power_strike",
    "ability_type": "damage",
    "activation_mode": "queued",
    "class_key": "warrior",
    "cp_cost": 10,
    "damage_type": "physical",
    "has_amount_calc": true,
    "has_duration_calc": false,
    "mechanic_key": "weapon_attack",
    "slot": 0,
  },
  {
    "ability_key": "purifying_light",
    "ability_type": "heal",
    "activation_mode": "instant",
    "class_key": "healer",
    "cp_cost": 40,
    "damage_type": null,
    "has_amount_calc": true,
    "has_duration_calc": true,
    "mechanic_key": "party_regen",
    "slot": 3,
  },
  {
    "ability_key": "rend",
    "ability_type": "debuff",
    "activation_mode": "instant",
    "class_key": "warrior",
    "cp_cost": 40,
    "damage_type": "physical",
    "has_amount_calc": true,
    "has_duration_calc": true,
    "mechanic_key": "dot_debuff",
    "slot": 3,
  },
  {
    "ability_key": "second_wind",
    "ability_type": "heal",
    "activation_mode": "instant",
    "class_key": "warrior",
    "cp_cost": 15,
    "damage_type": null,
    "has_amount_calc": true,
    "has_duration_calc": false,
    "mechanic_key": "self_heal",
    "slot": 1,
  },
  {
    "ability_key": "shadowstep",
    "ability_type": "buff",
    "activation_mode": "instant",
    "class_key": "assassin",
    "cp_cost": 15,
    "damage_type": null,
    "has_amount_calc": true,
    "has_duration_calc": true,
    "mechanic_key": "stealth_buff",
    "slot": 1,
  },
  {
    "ability_key": "shield_wall",
    "ability_type": "buff",
    "activation_mode": "stance",
    "class_key": "templar",
    "cp_cost": 25,
    "damage_type": null,
    "has_amount_calc": false,
    "has_duration_calc": false,
    "mechanic_key": "block_buff",
    "slot": 2,
  },
  {
    "ability_key": "smite",
    "ability_type": "damage",
    "activation_mode": "queued",
    "class_key": "healer",
    "cp_cost": 10,
    "damage_type": "holy",
    "has_amount_calc": true,
    "has_duration_calc": false,
    "mechanic_key": "smite",
    "slot": 0,
  },
  {
    "ability_key": "sunder_armor",
    "ability_type": "debuff",
    "activation_mode": "instant",
    "class_key": "warrior",
    "cp_cost": 60,
    "damage_type": null,
    "has_amount_calc": true,
    "has_duration_calc": true,
    "mechanic_key": "sunder_debuff",
    "slot": 4,
  },
  {
    "ability_key": "transfer_health",
    "ability_type": "heal",
    "activation_mode": "instant",
    "class_key": "healer",
    "cp_cost": 25,
    "damage_type": null,
    "has_amount_calc": true,
    "has_duration_calc": false,
    "mechanic_key": "hp_transfer",
    "slot": 2,
  },
]
`;
